==171960== Memcheck, a memory error detector
==171960== Copyright (C) 2002-2024, and GNU GPL'd, by Julian Seward et al.
==171960== Using Valgrind-3.25.1 and LibVEX; rerun with -h for copyright info
==171960== Command: ./minishell
==171960== Parent PID: 171830
==171960== 
==171960== 
==171960== FILE DESCRIPTORS: 5 open (5 inherited) at exit.
==171960== 
==171960== HEAP SUMMARY:
==171960==     in use at exit: 208,155 bytes in 222 blocks
==171960==   total heap usage: 565 allocs, 343 frees, 234,719 bytes allocated
==171960== 
==171960== 4,016 bytes in 1 blocks are still reachable in loss record 41 of 63
==171960==    at 0x4848813: malloc (vg_replace_malloc.c:446)
==171960==    by 0x48ADBAC: xmalloc (in /usr/lib/x86_64-linux-gnu/libreadline.so.8.1)
==171960==    by 0x48A6FD6: add_history (in /usr/lib/x86_64-linux-gnu/libreadline.so.8.1)
==171960==    by 0x404661: history_add (history.c:22)
==171960==    by 0x40133A: main (main.c:67)
==171960== 
==171960== LEAK SUMMARY:
==171960==    definitely lost: 0 bytes in 0 blocks
==171960==    indirectly lost: 0 bytes in 0 blocks
==171960==      possibly lost: 0 bytes in 0 blocks
==171960==    still reachable: 4,016 bytes in 1 blocks
==171960==         suppressed: 204,139 bytes in 221 blocks
==171960== 
==171960== ERROR SUMMARY: 0 errors from 0 contexts (suppressed: 0 from 0)
--171960-- 
--171960-- used_suppression:     51 <rl_initialize_suppression> minishell_valgrind.supp:2 suppressed: 195,929 bytes in 210 blocks
--171960-- used_suppression:      8 <rl_redisplay_suppression> minishell_valgrind.supp:9 suppressed: 8,192 bytes in 8 blocks
--171960-- used_suppression:      3 <rl_set_prompt_suppression> minishell_valgrind.supp:16 suppressed: 18 bytes in 3 blocks
==171960== 
==171960== ERROR SUMMARY: 0 errors from 0 contexts (suppressed: 0 from 0)
